// Jest Snapshot v1, https://goo.gl/fbAQLP

exports[`EuiInlineEdit props renders as a title 1`] = `
Object {
  "asFragment": [Function],
  "baseElement": <body>
    <div>
      <div
        aria-label="aria-label"
        class="euiInlineEdit testClass1 testClass2"
        data-test-subj="test subject string"
      >
        <button
          class="euiButtonEmpty css-wvaqcf-empty-text"
          type="button"
        >
          <span
            class="euiButtonContent euiButtonContent--iconRight euiButtonEmpty__content"
          >
            <span
              class="euiButtonContent__icon"
              color="inherit"
              data-euiicon-type="pencil"
            />
            <span
              class="euiButtonEmpty__text"
            >
              <div
                class="euiText emotion-euiText-m"
              >
                hello world
              </div>
            </span>
          </span>
        </button>
      </div>
    </div>
  </body>,
  "container": <div>
    <div
      aria-label="aria-label"
      class="euiInlineEdit testClass1 testClass2"
      data-test-subj="test subject string"
    >
      <button
        class="euiButtonEmpty css-wvaqcf-empty-text"
        type="button"
      >
        <span
          class="euiButtonContent euiButtonContent--iconRight euiButtonEmpty__content"
        >
          <span
            class="euiButtonContent__icon"
            color="inherit"
            data-euiicon-type="pencil"
          />
          <span
            class="euiButtonEmpty__text"
          >
            <div
              class="euiText emotion-euiText-m"
            >
              hello world
            </div>
          </span>
        </span>
      </button>
    </div>
  </div>,
  "debug": [Function],
  "findAllByAltText": [Function],
  "findAllByDisplayValue": [Function],
  "findAllByLabelText": [Function],
  "findAllByPlaceholderText": [Function],
  "findAllByRole": [Function],
  "findAllByTestId": [Function],
  "findAllByTestSubject": [Function],
  "findAllByText": [Function],
  "findAllByTitle": [Function],
  "findByAltText": [Function],
  "findByDisplayValue": [Function],
  "findByLabelText": [Function],
  "findByPlaceholderText": [Function],
  "findByRole": [Function],
  "findByTestId": [Function],
  "findByTestSubject": [Function],
  "findByText": [Function],
  "findByTitle": [Function],
  "getAllByAltText": [Function],
  "getAllByDisplayValue": [Function],
  "getAllByLabelText": [Function],
  "getAllByPlaceholderText": [Function],
  "getAllByRole": [Function],
  "getAllByTestId": [Function],
  "getAllByTestSubject": [Function],
  "getAllByText": [Function],
  "getAllByTitle": [Function],
  "getByAltText": [Function],
  "getByDisplayValue": [Function],
  "getByLabelText": [Function],
  "getByPlaceholderText": [Function],
  "getByRole": [Function],
  "getByTestId": [Function],
  "getByTestSubject": [Function],
  "getByText": [Function],
  "getByTitle": [Function],
  "queryAllByAltText": [Function],
  "queryAllByDisplayValue": [Function],
  "queryAllByLabelText": [Function],
  "queryAllByPlaceholderText": [Function],
  "queryAllByRole": [Function],
  "queryAllByTestId": [Function],
  "queryAllByTestSubject": [Function],
  "queryAllByText": [Function],
  "queryAllByTitle": [Function],
  "queryByAltText": [Function],
  "queryByDisplayValue": [Function],
  "queryByLabelText": [Function],
  "queryByPlaceholderText": [Function],
  "queryByRole": [Function],
  "queryByTestId": [Function],
  "queryByTestSubject": [Function],
  "queryByText": [Function],
  "queryByTitle": [Function],
  "rerender": [Function],
  "unmount": [Function],
}
`;

exports[`EuiInlineEdit props renders as text 1`] = `
Object {
  "asFragment": [Function],
  "baseElement": <body>
    <div>
      <div
        aria-label="aria-label"
        class="euiInlineEdit testClass1 testClass2"
        data-test-subj="test subject string"
      >
        <button
          class="euiButtonEmpty css-wvaqcf-empty-text"
          type="button"
        >
          <span
            class="euiButtonContent euiButtonContent--iconRight euiButtonEmpty__content"
          >
            <span
              class="euiButtonContent__icon"
              color="inherit"
              data-euiicon-type="pencil"
            />
            <span
              class="euiButtonEmpty__text"
            >
              <div
                class="euiText emotion-euiText-m"
              >
                hello world
              </div>
            </span>
          </span>
        </button>
      </div>
    </div>
  </body>,
  "container": <div>
    <div
      aria-label="aria-label"
      class="euiInlineEdit testClass1 testClass2"
      data-test-subj="test subject string"
    >
      <button
        class="euiButtonEmpty css-wvaqcf-empty-text"
        type="button"
      >
        <span
          class="euiButtonContent euiButtonContent--iconRight euiButtonEmpty__content"
        >
          <span
            class="euiButtonContent__icon"
            color="inherit"
            data-euiicon-type="pencil"
          />
          <span
            class="euiButtonEmpty__text"
          >
            <div
              class="euiText emotion-euiText-m"
            >
              hello world
            </div>
          </span>
        </span>
      </button>
    </div>
  </div>,
  "debug": [Function],
  "findAllByAltText": [Function],
  "findAllByDisplayValue": [Function],
  "findAllByLabelText": [Function],
  "findAllByPlaceholderText": [Function],
  "findAllByRole": [Function],
  "findAllByTestId": [Function],
  "findAllByTestSubject": [Function],
  "findAllByText": [Function],
  "findAllByTitle": [Function],
  "findByAltText": [Function],
  "findByDisplayValue": [Function],
  "findByLabelText": [Function],
  "findByPlaceholderText": [Function],
  "findByRole": [Function],
  "findByTestId": [Function],
  "findByTestSubject": [Function],
  "findByText": [Function],
  "findByTitle": [Function],
  "getAllByAltText": [Function],
  "getAllByDisplayValue": [Function],
  "getAllByLabelText": [Function],
  "getAllByPlaceholderText": [Function],
  "getAllByRole": [Function],
  "getAllByTestId": [Function],
  "getAllByTestSubject": [Function],
  "getAllByText": [Function],
  "getAllByTitle": [Function],
  "getByAltText": [Function],
  "getByDisplayValue": [Function],
  "getByLabelText": [Function],
  "getByPlaceholderText": [Function],
  "getByRole": [Function],
  "getByTestId": [Function],
  "getByTestSubject": [Function],
  "getByText": [Function],
  "getByTitle": [Function],
  "queryAllByAltText": [Function],
  "queryAllByDisplayValue": [Function],
  "queryAllByLabelText": [Function],
  "queryAllByPlaceholderText": [Function],
  "queryAllByRole": [Function],
  "queryAllByTestId": [Function],
  "queryAllByTestSubject": [Function],
  "queryAllByText": [Function],
  "queryAllByTitle": [Function],
  "queryByAltText": [Function],
  "queryByDisplayValue": [Function],
  "queryByLabelText": [Function],
  "queryByPlaceholderText": [Function],
  "queryByRole": [Function],
  "queryByTestId": [Function],
  "queryByTestSubject": [Function],
  "queryByText": [Function],
  "queryByTitle": [Function],
  "rerender": [Function],
  "unmount": [Function],
}
`;
