// Jest Snapshot v1, https://goo.gl/fbAQLP

exports[`EuiInlineEditText props renders as text 1`] = `
<div
  aria-label="aria-label"
  class="euiInlineEditText testClass1 testClass2"
  data-test-subj="test subject string"
>
  <div
    class="euiInlineEditForm"
  >
    <button
      class="euiButtonEmpty euiButtonEmpty--flushBoth css-wvaqcf-empty-text"
      type="button"
    >
      <span
        class="euiButtonContent euiButtonContent--iconRight euiButtonEmpty__content"
      >
        <span
          class="euiButtonContent__icon"
          color="inherit"
          data-euiicon-type="pencil"
        />
        <span
          class="euiButtonEmpty__text"
        >
          <div
            class="euiText emotion-euiText-m"
          >
            hello world
          </div>
        </span>
      </span>
    </button>
  </div>
</div>
`;
